// Jest Snapshot v1, https://goo.gl/fbAQLP

exports[`App should render correctl 1`] = `
<div
  className="app-container"
>
  <Calculator />
</div>
`;
